[2026-05-24 17:49:26,035] multiqc                                            [DEBUG  ]  This is MultiQC v1.21
[2026-05-24 17:49:26,035] multiqc                                            [DEBUG  ]  Command used: /usr/local/bin/multiqc . --filename multiqc_report.html
[2026-05-24 17:49:26,208] multiqc                                            [WARNING]  MultiQC Version v1.35 now available!
[2026-05-24 17:49:26,209] multiqc                                            [DEBUG  ]  Latest MultiQC version is v1.35, released 2026-05-13
[2026-05-24 17:49:26,209] multiqc                                            [DEBUG  ]  Working dir : /home/olmop/pipeline-variantes/datos-intermedios/nextflow-work/fb/e756ca41f093aadb35fa0c08281ab9
[2026-05-24 17:49:26,209] multiqc                                            [DEBUG  ]  Template    : default
[2026-05-24 17:49:26,209] multiqc                                            [DEBUG  ]  Running Python 3.11.8 (main, Feb 13 2024, 10:08:31) [GCC 12.2.0]
[2026-05-24 17:49:26,210] multiqc                                            [DEBUG  ]  Analysing modules: custom_content, ccs, ngsderive, purple, conpair, isoseq, lima, peddy, somalier, methylqa, mosdepth, phantompeakqualtools, qualimap, bamdst, preseq, hifiasm, quast, qorts, rna_seqc, rockhopper, rsem, rseqc, busco, bustools, goleft_indexcov, gffcompare, disambiguate, supernova, deeptools, sargasso, verifybamid, mirtrace, happy, mirtop, sambamba, gopeaks, homer, hops, macs2, theta2, snpeff, gatk, htseq, bcftools, featureCounts, fgbio, dragen, dragen_fastqc, dedup, pbmarkdup, damageprofiler, mapdamage, biobambam2, jcvi, mtnucratio, picard, vep, bakta, prokka, qc3C, nanostat, samblaster, samtools, sexdeterrmine, seqera_cli, eigenstratdatabasetools, bamtools, jellyfish, vcftools, longranger, stacks, varscan2, snippy, umitools, truvari, megahit, bbmap, bismark, biscuit, diamond, hicexplorer, hicup, hicpro, salmon, kallisto, slamdunk, star, hisat2, tophat, bowtie2, bowtie1, cellranger, snpsplit, odgi, pangolin, nextclade, freyja, humid, kat, leehom, librarian, nonpareil, adapterRemoval, bbduk, clipandmerge, cutadapt, flexbar, sourmash, kaiju, bracken, kraken, malt, motus, trimmomatic, sickle, skewer, sortmerna, biobloomtools, fastq_screen, afterqc, fastp, fastqc, filtlong, prinseqplusplus, pychopper, porechop, pycoqc, minionqc, anglerfish, multivcfanalyzer, clusterflow, checkqc, bcl2fastq, bclconvert, interop, ivar, flash, seqyclean, optitype, whatshap, spaceranger, xenome, xengsort, metaphlan, seqwho
[2026-05-24 17:49:26,210] multiqc                                            [DEBUG  ]  Using temporary directory for creating report: /tmp/tmp7wuzj26f
[2026-05-24 17:49:26,211] multiqc                                            [INFO   ]  Search path : /home/olmop/pipeline-variantes/datos-intermedios/nextflow-work/fb/e756ca41f093aadb35fa0c08281ab9
[2026-05-24 17:49:26,230] multiqc                                            [DEBUG  ]  Summary of files that were skipped by the search: [skipped_no_match: 7] // [skipped_module_specific_max_filesize: 6]
[2026-05-24 17:49:26,298] multiqc                                            [DEBUG  ]  No samples found: custom_content
[2026-05-24 17:49:26,307] multiqc.modules.fastqc.fastqc                      [INFO   ]  Found 4 reports
[2026-05-24 17:49:26,307] multiqc.utils.util_functions                       [DEBUG  ]  Wrote data file multiqc_fastqc.txt
[2026-05-24 17:49:26,394] multiqc.plots.plotly.heatmap                       [DEBUG  ]  Heatmap size: 450x320, px per element: 45.00x80.00
[2026-05-24 17:49:26,400] multiqc.utils.software_versions                    [DEBUG  ]  Reading software versions from config.software_versions
[2026-05-24 17:49:26,401] multiqc.utils.util_functions                       [DEBUG  ]  Wrote data file multiqc_software_versions.txt
[2026-05-24 17:49:26,406] multiqc.utils.util_functions                       [DEBUG  ]  Wrote data file multiqc_general_stats.txt
[2026-05-24 17:49:26,406] multiqc                                            [DEBUG  ]  Compressing plot data
[2026-05-24 17:49:26,443] multiqc.utils.util_functions                       [DEBUG  ]  Wrote data file multiqc_data.json
[2026-05-24 17:49:26,443] multiqc                                            [INFO   ]  Report      : multiqc_report.html
[2026-05-24 17:49:26,443] multiqc                                            [INFO   ]  Data        : multiqc_report_data
[2026-05-24 17:49:26,443] multiqc                                            [DEBUG  ]  Moving data file from '/tmp/tmp7wuzj26f/multiqc_data' to '/home/olmop/pipeline-variantes/datos-intermedios/nextflow-work/fb/e756ca41f093aadb35fa0c08281ab9/multiqc_report_data'
[2026-05-24 17:49:26,445] multiqc                                            [DEBUG  ]  Full report path: /home/olmop/pipeline-variantes/datos-intermedios/nextflow-work/fb/e756ca41f093aadb35fa0c08281ab9/multiqc_report.html
[2026-05-24 17:49:26,535] multiqc                                            [INFO   ]  MultiQC complete
